
> react-kavia@0.1.0 start
> cross-env EDIT_MODE=true webpack serve --config .ve/webpack.config.js --mode development

<i> [webpack-dev-server] Project is running at:
<i> [webpack-dev-server] Loopback: http://localhost:3000/, http://[::1]:3000/
<i> [webpack-dev-server] On Your Network (IPv4): http://172.17.0.2:3000/
<i> [webpack-dev-server] Content not from webpack is served from './public' directory
Injecting EditorRootWrapper import: ../.ve/EditorRootWrapper
asset bundle.js 3.6 MiB [emitted] (name: main)
asset index.html 1.92 KiB [emitted]
orphan modules 161 KiB [orphan] 255 modules
runtime modules 27.5 KiB 14 modules
modules by path ./node_modules/ 2.28 MiB 791 modules
modules by path ./src/ 75.4 KiB
  modules by path ./src/*.jsx 35.7 KiB 8 modules
  modules by path ./src/*.css 29.1 KiB 4 modules
  modules by path ./src/*.js 10.6 KiB
    ./src/index.js 530 bytes [built] [code generated]
    + 2 modules
modules by path ./.ve/ 15.1 KiB
  modules by path ./.ve/*.js 10.6 KiB 2 modules
  modules by path ./.ve/*.css 2.93 KiB 2 modules
  ./.ve/EditorOverlay.jsx 1.58 KiB [built] [code generated]
webpack 5.99.9 compiled successfully in 2743 ms
assets by status 1.92 KiB [cached] 1 asset
assets by path *.js 3.62 MiB
  asset bundle.js 3.6 MiB [emitted] (name: main)
  asset main.b0291edf960b8fffed48.hot-update.js 13 KiB [emitted] [immutable] [hmr] (name: main)
asset main.b0291edf960b8fffed48.hot-update.json 28 bytes [emitted] [immutable] [hmr]
Entrypoint main 3.62 MiB = bundle.js 3.6 MiB main.b0291edf960b8fffed48.hot-update.js 13 KiB
cached modules 2.52 MiB [cached] 1065 modules
runtime modules 27.5 KiB 14 modules
./src/App.js 8.81 KiB [built] [code generated]
webpack 5.99.9 compiled successfully in 171 ms
